******************************************************************************
            TI ARM Clang Linker Unix v4.0.4                    
******************************************************************************
>> Linked Sat May  2 20:12:59 2026

OUTPUT FILE NAME:   <uart_to_spi_bridge.out>
ENTRY POINT SYMBOL: "_c_int00_noargs"  address: 00001321


MEMORY CONFIGURATION

         name            origin    length      used     unused   attr    fill
----------------------  --------  ---------  --------  --------  ----  --------
  FLASH                 00000000   00020000  00001670  0001e990  R  X
  SRAM                  20200000   00008000  00000384  00007c7c  RW X
  BCR_CONFIG            41c00000   000000ff  00000000  000000ff  R   
  BSL_CONFIG            41c00100   00000080  00000000  00000080  R   


SEGMENT ALLOCATION MAP

run origin  load origin   length   init length attrs members
----------  ----------- ---------- ----------- ----- -------
00000000    00000000    00001670   00001670    r-x
  00000000    00000000    000000c0   000000c0    r-- .intvecs
  000000c0    000000c0    000013e0   000013e0    r-x .text
  000014a0    000014a0    000001a0   000001a0    r-- .rodata
  00001640    00001640    00000030   00000030    r-- .cinit
20200000    20200000    00000184   00000000    rw-
  20200000    20200000    0000017c   00000000    rw- .bss
  2020017c    2020017c    00000008   00000000    rw- .data
20207e00    20207e00    00000200   00000000    rw-
  20207e00    20207e00    00000200   00000000    rw- .stack


SECTION ALLOCATION MAP

 output                                  attributes/
section   page    origin      length       input sections
--------  ----  ----------  ----------   ----------------
.intvecs   0    00000000    000000c0     
                  00000000    000000c0     startup_mspm0g350x_ticlang.o (.intvecs)

.text      0    000000c0    000013e0     
                  000000c0    0000049c     main.o (.text.main)
                  0000055c    00000348     sk6812_spi.o (.text.SK6812_Show)
                  000008a4    00000184     uart_to_spi_bridge.o (.text.UARTBridge_ProcessCommand)
                  00000a28    00000110     main.o (.text.UART0_IRQHandler)
                  00000b38    00000104     driverlib.a : dl_timer.o (.text.DL_Timer_initFourCCPWMMode)
                  00000c3c    000000b0     uart_to_spi_bridge.o (.text.applyPattern)
                  00000cec    0000009a     libc.a : memcpy16.S.obj (.text:memcpy)
                  00000d86    00000002     startup_mspm0g350x_ticlang.o (.text.Default_Handler)
                  00000d88    00000090     ti_msp_dl_config.o (.text.SYSCFG_DL_PWM_0_init)
                  00000e18    00000008     libclang_rt.builtins.a : aeabi_memcpy.S.obj (.text.__aeabi_memcpy)
                  00000e20    00000088     libc.a : strcmp-armv6m.S.obj (.text:strcmp)
                  00000ea8    0000007c            : copy_decompress_lzss.c.obj (.text:decompress:lzss)
                  00000f24    00000070     ti_msp_dl_config.o (.text.SYSCFG_DL_UART_BRIDGE_init)
                  00000f94    00000062     libc.a : memset16.S.obj (.text:memset)
                  00000ff6    00000002     libclang_rt.builtins.a : aeabi_div0.c.obj (.text.__aeabi_idiv0)
                  00000ff8    0000005c     ti_msp_dl_config.o (.text.SYSCFG_DL_SPI_0_init)
                  00001054    00000048     driverlib.a : dl_uart.o (.text.DL_UART_init)
                  0000109c    00000048     ti_msp_dl_config.o (.text.SYSCFG_DL_initPower)
                  000010e4    00000044     driverlib.a : dl_spi.o (.text.DL_SPI_init)
                  00001128    00000044     ti_msp_dl_config.o (.text.SYSCFG_DL_GPIO_init)
                  0000116c    00000040     libclang_rt.builtins.a : aeabi_uidivmod.S.obj (.text.__aeabi_uidivmod)
                  000011ac    00000040     libc.a : atoi.c.obj (.text.atoi)
                  000011ec    0000003c            : autoinit.c.obj (.text:__TI_auto_init_nobinit_nopinit)
                  00001228    00000038     sk6812_spi.o (.text.SK6812_SetAll)
                  00001260    00000034     ti_msp_dl_config.o (.text.SYSCFG_DL_init)
                  00001294    00000030     driverlib.a : dl_uart.o (.text.DL_UART_transmitDataBlocking)
                  000012c4    00000030     ti_msp_dl_config.o (.text.SYSCFG_DL_SYSCTL_init)
                  000012f4    0000002c     uart_to_spi_bridge.o (.text.UARTBridge_Init)
                  00001320    00000028     libc.a : boot_cortex_m.c.obj (.text:_c_int00_noargs)
                  00001348    00000020     driverlib.a : dl_uart.o (.text.DL_UART_receiveDataBlocking)
                  00001368    0000001c                 : dl_timer.o (.text.DL_Timer_setCaptCompUpdateMethod)
                  00001384    0000001c                 : dl_timer.o (.text.DL_Timer_setClockConfig)
                  000013a0    0000001c     sk6812_spi.o (.text.SK6812_Init)
                  000013bc    0000001c     sk6812_spi.o (.text.SK6812_SetPixel)
                  000013d8    00000018     driverlib.a : dl_timer.o (.text.DL_Timer_setCaptureCompareOutCtl)
                  000013f0    00000018     sk6812_spi.o (.text.SK6812_Clear)
                  00001408    00000016     libc.a : copy_zero_init.c.obj (.text:decompress:ZI:__TI_zero_init_nomemset)
                  0000141e    00000012     driverlib.a : dl_spi.o (.text.DL_SPI_setClockConfig)
                  00001430    00000012                 : dl_uart.o (.text.DL_UART_setClockConfig)
                  00001442    00000012     libc.a : copy_decompress_none.c.obj (.text:decompress:none)
                  00001454    00000010     driverlib.a : dl_timer.o (.text.DL_Timer_setCaptureCompareValue)
                  00001464    0000000c     sk6812_spi.o (.text.SK6812_SetBrightness)
                  00001470    0000000c     libclang_rt.builtins.a : aeabi_memset.S.obj (.text.__aeabi_memclr)
                  0000147c    0000000a     driverlib.a : dl_common.o (.text.DL_Common_delayCycles)
                  00001486    00000006     libc.a : exit.c.obj (.text:abort)
                  0000148c    00000004     libsysbm.a : hostexit.c.obj (.text.HOSTexit)
                  00001490    00000004     startup_mspm0g350x_ticlang.o (.text.Reset_Handler)
                  00001494    00000004     libc.a : pre_init.c.obj (.text._system_pre_init)
                  00001498    00000008     --HOLE-- [fill = 0]

.cinit     0    00001640    00000030     
                  00001640    0000000c     (__TI_handler_table)
                  0000164c    0000000b     (.cinit..data.load) [load image, compression = lzss]
                  00001657    00000001     --HOLE-- [fill = 0]
                  00001658    00000008     (.cinit..bss.load) [load image, compression = zero_init]
                  00001660    00000010     (__TI_cinit_table)

.rodata    0    000014a0    000001a0     
                  000014a0    00000101     libc.a : aeabi_ctype.S.obj (.rodata:__aeabi_ctype_table_)
                  000015a1    00000025     main.o (.rodata.str1.15159059442110792349.1)
                  000015c6    0000000e     uart_to_spi_bridge.o (.rodata.str1.6373851237648434200.1)
                  000015d4    0000000d     uart_to_spi_bridge.o (.rodata.str1.10404855615652796543.1)
                  000015e1    0000000d     uart_to_spi_bridge.o (.rodata.str1.15032133462102864580.1)
                  000015ee    0000000c     uart_to_spi_bridge.o (.rodata.str1.1477995403277853781.1)
                  000015fa    0000000a     ti_msp_dl_config.o (.rodata.gSPI_0_config)
                  00001604    0000000a     ti_msp_dl_config.o (.rodata.gUART_BRIDGEConfig)
                  0000160e    00000002     ti_msp_dl_config.o (.rodata.gSPI_0_clockConfig)
                  00001610    00000008     ti_msp_dl_config.o (.rodata.gPWM_0Config)
                  00001618    00000006     uart_to_spi_bridge.o (.rodata.str1.10955371678857172497.1)
                  0000161e    00000006     uart_to_spi_bridge.o (.rodata.str1.13112522349397204162.1)
                  00001624    00000005     uart_to_spi_bridge.o (.rodata.str1.6408239737595337331.1)
                  00001629    00000004     uart_to_spi_bridge.o (.rodata.str1.15922220487193024732.1)
                  0000162d    00000004     uart_to_spi_bridge.o (.rodata.str1.9663816660613598450.1)
                  00001631    00000003     ti_msp_dl_config.o (.rodata.gPWM_0ClockConfig)
                  00001634    00000002     ti_msp_dl_config.o (.rodata.gUART_BRIDGEClockConfig)
                  00001636    0000000a     --HOLE-- [fill = 0]

.init_array 
*          0    00000000    00000000     UNINITIALIZED

.binit     0    00000000    00000000     

.bss       0    20200000    0000017c     UNINITIALIZED
                  20200000    000000bc     (.common:gPWM_0Backup)
                  202000bc    00000040     main.o (.bss.command)
                  202000fc    00000040     main.o (.bss.rxBuffer)
                  2020013c    00000028     (.common:gSPI_0Backup)
                  20200164    00000018     sk6812_spi.o (.bss.leds)

.data      0    2020017c    00000008     UNINITIALIZED
                  2020017c    00000004     main.o (.data.rxIndex)
                  20200180    00000001     sk6812_spi.o (.data.brightness)
                  20200181    00000001     main.o (.data.commandReady)
                  20200182    00000001     uart_to_spi_bridge.o (.data.currentBrightness)
                  20200183    00000001     uart_to_spi_bridge.o (.data.currentPattern)

.stack     0    20207e00    00000200     UNINITIALIZED
                  20207e00    00000004     libc.a : boot_cortex_m.c.obj (.stack)
                  20207e04    000001fc     --HOLE--

__llvm_prf_cnts 
*          0    20200000    00000000     UNINITIALIZED

__llvm_prf_bits 
*          0    20200000    00000000     UNINITIALIZED

MODULE SUMMARY

       Module                         code   ro data   rw data
       ------                         ----   -------   -------
    ./
       main.o                         1452   37        133    
       sk6812_spi.o                   988    0         25     
       ti_msp_dl_config.o             588    35        228    
       uart_to_spi_bridge.o           608    77        2      
       startup_mspm0g350x_ticlang.o   6      192       0      
    +--+------------------------------+------+---------+---------+
       Total:                         3642   341       388    
                                                              
    /Applications/ti/ccs2040/ccs/tools/compiler/ti-cgt-armllvm_4.0.4.LTS/lib/armv6m-ti-none-eabi/c/libc.a
       aeabi_ctype.S.obj              0      257       0      
       memcpy16.S.obj                 154    0         0      
       strcmp-armv6m.S.obj            136    0         0      
       copy_decompress_lzss.c.obj     124    0         0      
       memset16.S.obj                 98     0         0      
       atoi.c.obj                     64     0         0      
       autoinit.c.obj                 60     0         0      
       boot_cortex_m.c.obj            40     0         0      
       copy_zero_init.c.obj           22     0         0      
       copy_decompress_none.c.obj     18     0         0      
       exit.c.obj                     6      0         0      
       pre_init.c.obj                 4      0         0      
    +--+------------------------------+------+---------+---------+
       Total:                         726    257       0      
                                                              
    /Applications/ti/ccs2040/ccs/tools/compiler/ti-cgt-armllvm_4.0.4.LTS/lib/armv6m-ti-none-eabi/c/libsysbm.a
       hostexit.c.obj                 4      0         0      
    +--+------------------------------+------+---------+---------+
       Total:                         4      0         0      
                                                              
    /Applications/ti/ccs2040/ccs/tools/compiler/ti-cgt-armllvm_4.0.4.LTS/lib/armv6m-ti-none-eabi/libclang_rt.builtins.a
       aeabi_uidivmod.S.obj           64     0         0      
       aeabi_memset.S.obj             12     0         0      
       aeabi_memcpy.S.obj             8      0         0      
       aeabi_div0.c.obj               2      0         0      
    +--+------------------------------+------+---------+---------+
       Total:                         86     0         0      
                                                              
    /Users/tylerlamdo/ti/mspm0_sdk_2_10_00_04/source/ti/driverlib/lib/ticlang/m0p/mspm0g1x0x_g3x0x/driverlib.a
       dl_timer.o                     356    0         0      
       dl_uart.o                      170    0         0      
       dl_spi.o                       86     0         0      
       dl_common.o                    10     0         0      
    +--+------------------------------+------+---------+---------+
       Total:                         622    0         0      
                                                              
       Stack:                         0      0         512    
       Linker Generated:              0      47        0      
    +--+------------------------------+------+---------+---------+
       Grand Total:                   5080   645       900    


LINKER GENERATED COPY TABLES

__TI_cinit_table @ 00001660 records: 2, size/record: 8, table size: 16
	.data: load addr=0000164c, load size=0000000b bytes, run addr=2020017c, run size=00000008 bytes, compression=lzss
	.bss: load addr=00001658, load size=00000008 bytes, run addr=20200000, run size=0000017c bytes, compression=zero_init


LINKER GENERATED HANDLER TABLE

__TI_handler_table @ 00001640 records: 3, size/record: 4, table size: 12
	index: 0, handler: __TI_decompress_lzss
	index: 1, handler: __TI_decompress_none
	index: 2, handler: __TI_zero_init


GLOBAL SYMBOLS: SORTED ALPHABETICALLY BY Name 

address   name                            
-------   ----                            
00000d87  ADC0_IRQHandler                 
00000d87  ADC1_IRQHandler                 
00000d87  AES_IRQHandler                  
0000148c  C$$EXIT                         
00000d87  CANFD0_IRQHandler               
00000d87  DAC0_IRQHandler                 
0000147d  DL_Common_delayCycles           
000010e5  DL_SPI_init                     
0000141f  DL_SPI_setClockConfig           
00000b39  DL_Timer_initFourCCPWMMode      
00001369  DL_Timer_setCaptCompUpdateMethod
000013d9  DL_Timer_setCaptureCompareOutCtl
00001455  DL_Timer_setCaptureCompareValue 
00001385  DL_Timer_setClockConfig         
00001055  DL_UART_init                    
00001349  DL_UART_receiveDataBlocking     
00001431  DL_UART_setClockConfig          
00001295  DL_UART_transmitDataBlocking    
00000d87  DMA_IRQHandler                  
00000d87  Default_Handler                 
00000d87  GROUP0_IRQHandler               
00000d87  GROUP1_IRQHandler               
0000148d  HOSTexit                        
00000d87  HardFault_Handler               
00000d87  I2C0_IRQHandler                 
00000d87  I2C1_IRQHandler                 
00000d87  NMI_Handler                     
00000d87  PendSV_Handler                  
00000d87  RTC_IRQHandler                  
00001491  Reset_Handler                   
000013f1  SK6812_Clear                    
000013a1  SK6812_Init                     
00001229  SK6812_SetAll                   
00001465  SK6812_SetBrightness            
000013bd  SK6812_SetPixel                 
0000055d  SK6812_Show                     
00000d87  SPI0_IRQHandler                 
00000d87  SPI1_IRQHandler                 
00000d87  SVC_Handler                     
00001129  SYSCFG_DL_GPIO_init             
00000d89  SYSCFG_DL_PWM_0_init            
00000ff9  SYSCFG_DL_SPI_0_init            
000012c5  SYSCFG_DL_SYSCTL_init           
00000f25  SYSCFG_DL_UART_BRIDGE_init      
00001261  SYSCFG_DL_init                  
0000109d  SYSCFG_DL_initPower             
00000d87  SysTick_Handler                 
00000d87  TIMA0_IRQHandler                
00000d87  TIMA1_IRQHandler                
00000d87  TIMG0_IRQHandler                
00000d87  TIMG12_IRQHandler               
00000d87  TIMG6_IRQHandler                
00000d87  TIMG7_IRQHandler                
00000d87  TIMG8_IRQHandler                
00000a29  UART0_IRQHandler                
00000d87  UART1_IRQHandler                
00000d87  UART2_IRQHandler                
00000d87  UART3_IRQHandler                
000012f5  UARTBridge_Init                 
000008a5  UARTBridge_ProcessCommand       
20208000  __STACK_END                     
00000200  __STACK_SIZE                    
00000000  __TI_ATRegion0_region_sz        
00000000  __TI_ATRegion0_src_addr         
00000000  __TI_ATRegion0_trg_addr         
00000000  __TI_ATRegion1_region_sz        
00000000  __TI_ATRegion1_src_addr         
00000000  __TI_ATRegion1_trg_addr         
00000000  __TI_ATRegion2_region_sz        
00000000  __TI_ATRegion2_src_addr         
00000000  __TI_ATRegion2_trg_addr         
00001660  __TI_CINIT_Base                 
00001670  __TI_CINIT_Limit                
00001670  __TI_CINIT_Warm                 
00001640  __TI_Handler_Table_Base         
0000164c  __TI_Handler_Table_Limit        
000011ed  __TI_auto_init_nobinit_nopinit  
00000ea9  __TI_decompress_lzss            
00001443  __TI_decompress_none            
ffffffff  __TI_pprof_out_hndl             
ffffffff  __TI_prof_data_size             
ffffffff  __TI_prof_data_start            
00000000  __TI_static_base__              
00001409  __TI_zero_init_nomemset         
000014a0  __aeabi_ctype_table_            
000014a0  __aeabi_ctype_table_C           
00000ff7  __aeabi_idiv0                   
00001471  __aeabi_memclr                  
00001471  __aeabi_memclr4                 
00001471  __aeabi_memclr8                 
00000e19  __aeabi_memcpy                  
00000e19  __aeabi_memcpy4                 
00000e19  __aeabi_memcpy8                 
0000116d  __aeabi_uidiv                   
0000116d  __aeabi_uidivmod                
ffffffff  __binit__                       
UNDEFED   __mpu_init                      
20207e00  __stack                         
20200000  __start___llvm_prf_bits         
20200000  __start___llvm_prf_cnts         
20200000  __stop___llvm_prf_bits          
20200000  __stop___llvm_prf_cnts          
00001321  _c_int00_noargs                 
UNDEFED   _system_post_cinit              
00001495  _system_pre_init                
00001487  abort                           
000011ad  atoi                            
ffffffff  binit                           
20200000  gPWM_0Backup                    
2020013c  gSPI_0Backup                    
00000000  interruptVectors                
000000c1  main                            
00000ced  memcpy                          
00000f95  memset                          
00000e21  strcmp                          


GLOBAL SYMBOLS: SORTED BY Symbol Address 

address   name                            
-------   ----                            
00000000  __TI_ATRegion0_region_sz        
00000000  __TI_ATRegion0_src_addr         
00000000  __TI_ATRegion0_trg_addr         
00000000  __TI_ATRegion1_region_sz        
00000000  __TI_ATRegion1_src_addr         
00000000  __TI_ATRegion1_trg_addr         
00000000  __TI_ATRegion2_region_sz        
00000000  __TI_ATRegion2_src_addr         
00000000  __TI_ATRegion2_trg_addr         
00000000  __TI_static_base__              
00000000  interruptVectors                
000000c1  main                            
00000200  __STACK_SIZE                    
0000055d  SK6812_Show                     
000008a5  UARTBridge_ProcessCommand       
00000a29  UART0_IRQHandler                
00000b39  DL_Timer_initFourCCPWMMode      
00000ced  memcpy                          
00000d87  ADC0_IRQHandler                 
00000d87  ADC1_IRQHandler                 
00000d87  AES_IRQHandler                  
00000d87  CANFD0_IRQHandler               
00000d87  DAC0_IRQHandler                 
00000d87  DMA_IRQHandler                  
00000d87  Default_Handler                 
00000d87  GROUP0_IRQHandler               
00000d87  GROUP1_IRQHandler               
00000d87  HardFault_Handler               
00000d87  I2C0_IRQHandler                 
00000d87  I2C1_IRQHandler                 
00000d87  NMI_Handler                     
00000d87  PendSV_Handler                  
00000d87  RTC_IRQHandler                  
00000d87  SPI0_IRQHandler                 
00000d87  SPI1_IRQHandler                 
00000d87  SVC_Handler                     
00000d87  SysTick_Handler                 
00000d87  TIMA0_IRQHandler                
00000d87  TIMA1_IRQHandler                
00000d87  TIMG0_IRQHandler                
00000d87  TIMG12_IRQHandler               
00000d87  TIMG6_IRQHandler                
00000d87  TIMG7_IRQHandler                
00000d87  TIMG8_IRQHandler                
00000d87  UART1_IRQHandler                
00000d87  UART2_IRQHandler                
00000d87  UART3_IRQHandler                
00000d89  SYSCFG_DL_PWM_0_init            
00000e19  __aeabi_memcpy                  
00000e19  __aeabi_memcpy4                 
00000e19  __aeabi_memcpy8                 
00000e21  strcmp                          
00000ea9  __TI_decompress_lzss            
00000f25  SYSCFG_DL_UART_BRIDGE_init      
00000f95  memset                          
00000ff7  __aeabi_idiv0                   
00000ff9  SYSCFG_DL_SPI_0_init            
00001055  DL_UART_init                    
0000109d  SYSCFG_DL_initPower             
000010e5  DL_SPI_init                     
00001129  SYSCFG_DL_GPIO_init             
0000116d  __aeabi_uidiv                   
0000116d  __aeabi_uidivmod                
000011ad  atoi                            
000011ed  __TI_auto_init_nobinit_nopinit  
00001229  SK6812_SetAll                   
00001261  SYSCFG_DL_init                  
00001295  DL_UART_transmitDataBlocking    
000012c5  SYSCFG_DL_SYSCTL_init           
000012f5  UARTBridge_Init                 
00001321  _c_int00_noargs                 
00001349  DL_UART_receiveDataBlocking     
00001369  DL_Timer_setCaptCompUpdateMethod
00001385  DL_Timer_setClockConfig         
000013a1  SK6812_Init                     
000013bd  SK6812_SetPixel                 
000013d9  DL_Timer_setCaptureCompareOutCtl
000013f1  SK6812_Clear                    
00001409  __TI_zero_init_nomemset         
0000141f  DL_SPI_setClockConfig           
00001431  DL_UART_setClockConfig          
00001443  __TI_decompress_none            
00001455  DL_Timer_setCaptureCompareValue 
00001465  SK6812_SetBrightness            
00001471  __aeabi_memclr                  
00001471  __aeabi_memclr4                 
00001471  __aeabi_memclr8                 
0000147d  DL_Common_delayCycles           
00001487  abort                           
0000148c  C$$EXIT                         
0000148d  HOSTexit                        
00001491  Reset_Handler                   
00001495  _system_pre_init                
000014a0  __aeabi_ctype_table_            
000014a0  __aeabi_ctype_table_C           
00001640  __TI_Handler_Table_Base         
0000164c  __TI_Handler_Table_Limit        
00001660  __TI_CINIT_Base                 
00001670  __TI_CINIT_Limit                
00001670  __TI_CINIT_Warm                 
20200000  __start___llvm_prf_bits         
20200000  __start___llvm_prf_cnts         
20200000  __stop___llvm_prf_bits          
20200000  __stop___llvm_prf_cnts          
20200000  gPWM_0Backup                    
2020013c  gSPI_0Backup                    
20207e00  __stack                         
20208000  __STACK_END                     
ffffffff  __TI_pprof_out_hndl             
ffffffff  __TI_prof_data_size             
ffffffff  __TI_prof_data_start            
ffffffff  __binit__                       
ffffffff  binit                           
UNDEFED   __mpu_init                      
UNDEFED   _system_post_cinit              

[115 symbols]
